[pluginspoint.com/demo/consult-vita-preview/consult-vita/index.html]
[backblue.gif]
[fade.gif]
[index.html]
[pluginspoint.com/demo/consult-vita-preview/consult-vita/css/bootstrap.min.css]
[pluginspoint.com/demo/consult-vita-preview/consult-vita/css/jquery-ui.css]
[pluginspoint.com/demo/consult-vita-preview/consult-vita/css/fontawesome-all.min.css]
[pluginspoint.com/demo/consult-vita-preview/consult-vita/css/flaticon.css]
[pluginspoint.com/demo/consult-vita-preview/consult-vita/css/owl.carousel.min.css]
[pluginspoint.com/demo/consult-vita-preview/consult-vita/css/pogo-slider.min.css]
[pluginspoint.com/demo/consult-vita-preview/consult-vita/css/jquery.fancybox.min.css]
[pluginspoint.com/demo/consult-vita-preview/consult-vita/css/magnific-popup.css]
[pluginspoint.com/demo/consult-vita-preview/consult-vita/css/animate.css]
[pluginspoint.com/demo/consult-vita-preview/consult-vita/css/meanmenu.css]
[pluginspoint.com/demo/consult-vita-preview/consult-vita/css/style.css]
[pluginspoint.com/demo/consult-vita-preview/consult-vita/css/responsive.css]
[pluginspoint.com/demo/consult-vita-preview/consult-vita/img/favicon.ico]
[pluginspoint.com/demo/consult-vita-preview/consult-vita/index-2.html]
[pluginspoint.com/demo/consult-vita-preview/consult-vita/img/home1/logo.png]
[pluginspoint.com/demo/consult-vita-preview/consult-vita/02_index-2.html]
[pluginspoint.com/demo/consult-vita-preview/consult-vita/03_index-3.html]
[pluginspoint.com/demo/consult-vita-preview/consult-vita/23_index-4.html]
[pluginspoint.com/demo/consult-vita-preview/consult-vita/24_index-5.html]
[pluginspoint.com/demo/consult-vita-preview/consult-vita/25_index-6.html]
[pluginspoint.com/demo/consult-vita-preview/consult-vita/04_about.html]
[pluginspoint.com/demo/consult-vita-preview/consult-vita/05_service.html]
[pluginspoint.com/demo/consult-vita-preview/consult-vita/06_service-details.html]
[pluginspoint.com/demo/consult-vita-preview/consult-vita/07_case-study.html]
[pluginspoint.com/demo/consult-vita-preview/consult-vita/08_case-details.html]
[pluginspoint.com/demo/consult-vita-preview/consult-vita/26_shortcode-grid.html]
[pluginspoint.com/demo/consult-vita-preview/consult-vita/27_shortcode-typography.html]
[pluginspoint.com/demo/consult-vita-preview/consult-vita/28_shortcode-list.html]
[pluginspoint.com/demo/consult-vita-preview/consult-vita/29_shortcode-forms.html]
[pluginspoint.com/demo/consult-vita-preview/consult-vita/30_shortcode-buttons.html]
[pluginspoint.com/demo/consult-vita-preview/consult-vita/31_shortcode-dividers.html]
[pluginspoint.com/demo/consult-vita-preview/consult-vita/32_shortcode-alert.html]
[pluginspoint.com/demo/consult-vita-preview/consult-vita/33_shortcode-img-box.html]
[pluginspoint.com/demo/consult-vita-preview/consult-vita/34_shortcode-service.html]
[pluginspoint.com/demo/consult-vita-preview/consult-vita/35_shortcode-process-step.html]
[pluginspoint.com/demo/consult-vita-preview/consult-vita/36_shortcode-pricing.html]
[pluginspoint.com/demo/consult-vita-preview/consult-vita/37_shortcode-team.html]
[pluginspoint.com/demo/consult-vita-preview/consult-vita/38_shortcode-testimonial.html]
[pluginspoint.com/demo/consult-vita-preview/consult-vita/39_shortcode-accordion-tabs.html]
[pluginspoint.com/demo/consult-vita-preview/consult-vita/40_shortcode-maps.html]
[pluginspoint.com/demo/consult-vita-preview/consult-vita/41_shortcode-client.html]
[pluginspoint.com/demo/consult-vita-preview/consult-vita/42_shortcode-galleries.html]
[pluginspoint.com/demo/consult-vita-preview/consult-vita/43_shortcode-filter.html]
[pluginspoint.com/demo/consult-vita-preview/consult-vita/44_shortcode-counter.html]
[pluginspoint.com/demo/consult-vita-preview/consult-vita/45_shortcode-progressbar.html]
[pluginspoint.com/demo/consult-vita-preview/consult-vita/09_gallery-grid.html]
[pluginspoint.com/demo/consult-vita-preview/consult-vita/10_gallery-masonary.html]
[pluginspoint.com/demo/consult-vita-preview/consult-vita/11_gallery-cobbles.html]
[pluginspoint.com/demo/consult-vita-preview/consult-vita/12_portfolio-2-column.html]
[pluginspoint.com/demo/consult-vita-preview/consult-vita/13_portfolio-3-column.html]
[pluginspoint.com/demo/consult-vita-preview/consult-vita/14_portfolio-4-column.html]
[pluginspoint.com/demo/consult-vita-preview/consult-vita/15_portfolio-details.html]
[pluginspoint.com/demo/consult-vita-preview/consult-vita/16_blog-page.html]
[pluginspoint.com/demo/consult-vita-preview/consult-vita/17_blog-page-2-column.html]
[pluginspoint.com/demo/consult-vita-preview/consult-vita/18_blog-page-3-column.html]
[pluginspoint.com/demo/consult-vita-preview/consult-vita/19_blog-chess-page-2-column.html]
[pluginspoint.com/demo/consult-vita-preview/consult-vita/20_blog-chess-page-4-column.html]
[pluginspoint.com/demo/consult-vita-preview/consult-vita/21_blog-details.html]
[pluginspoint.com/demo/consult-vita-preview/consult-vita/22_contact.html]
[pluginspoint.com/demo/consult-vita-preview/consult-vita/img/home1/slider-4.jpg]
[pluginspoint.com/demo/consult-vita-preview/consult-vita/img/home1/slider-3.jpg]
[pluginspoint.com/demo/consult-vita-preview/consult-vita/img/home1/slider-2.jpg]
[pluginspoint.com/demo/consult-vita-preview/consult-vita/img/home1/to-down.png]
[pluginspoint.com/demo/consult-vita-preview/consult-vita/img/home1/top-agency-banner.jpg]
[pluginspoint.com/demo/consult-vita-preview/consult-vita/img/home1/case-study-banner-1.jpg]
[pluginspoint.com/demo/consult-vita-preview/consult-vita/img/home1/case-study-banner-2.jpg]
[pluginspoint.com/demo/consult-vita-preview/consult-vita/img/home1/case-study-banner-3.jpg]
[pluginspoint.com/demo/consult-vita-preview/consult-vita/img/home1/service-1.jpg]
[pluginspoint.com/demo/consult-vita-preview/consult-vita/img/home1/service-2.jpg]
[pluginspoint.com/demo/consult-vita-preview/consult-vita/img/home1/service-3.jpg]
[pluginspoint.com/demo/consult-vita-preview/consult-vita/img/home1/service-4.jpg]
[pluginspoint.com/demo/consult-vita-preview/consult-vita/img/home1/service-5.jpg]
[pluginspoint.com/demo/consult-vita-preview/consult-vita/img/home1/team-1.jpg]
[pluginspoint.com/demo/consult-vita-preview/consult-vita/img/home1/team-2.jpg]
[pluginspoint.com/demo/consult-vita-preview/consult-vita/img/home1/team-3.jpg]
[pluginspoint.com/demo/consult-vita-preview/consult-vita/img/home1/team-4.jpg]
[pluginspoint.com/demo/consult-vita-preview/consult-vita/img/home1/join-team.jpg]
[pluginspoint.com/demo/consult-vita-preview/consult-vita/img/home1/testi-author-1.jpg]
[pluginspoint.com/demo/consult-vita-preview/consult-vita/img/home1/testi-author-2.jpg]
[pluginspoint.com/demo/consult-vita-preview/consult-vita/img/home1/testi-author-3.jpg]
[pluginspoint.com/demo/consult-vita-preview/consult-vita/img/home1/brand-1.png]
[pluginspoint.com/demo/consult-vita-preview/consult-vita/img/home1/brand-2.png]
[pluginspoint.com/demo/consult-vita-preview/consult-vita/img/home1/brand-3.png]
[pluginspoint.com/demo/consult-vita-preview/consult-vita/img/home1/brand-4.png]
[pluginspoint.com/demo/consult-vita-preview/consult-vita/img/home1/brand-5.png]
[pluginspoint.com/demo/consult-vita-preview/consult-vita/img/home1/brand-6.png]
[pluginspoint.com/demo/consult-vita-preview/consult-vita/img/home1/blog-1.jpg]
[pluginspoint.com/demo/consult-vita-preview/consult-vita/img/home1/blog-author-1.jpg]
[pluginspoint.com/demo/consult-vita-preview/consult-vita/img/home1/blog-2.jpg]
[pluginspoint.com/demo/consult-vita-preview/consult-vita/img/home1/blog-author-2.jpg]
[pluginspoint.com/demo/consult-vita-preview/consult-vita/img/home1/blog-3.jpg]
[pluginspoint.com/demo/consult-vita-preview/consult-vita/img/home1/blog-4.jpg]
[pluginspoint.com/demo/consult-vita-preview/consult-vita/img/home1/blog-author-3.jpg]
[pluginspoint.com/demo/consult-vita-preview/consult-vita/img/home1/question-banner.png]
[pluginspoint.com/demo/consult-vita-preview/consult-vita/img/home1/logo-2.png]
[pluginspoint.com/demo/consult-vita-preview/consult-vita/img/home1/insta-1.jpg]
[pluginspoint.com/demo/consult-vita-preview/consult-vita/img/home1/insta-2.jpg]
[pluginspoint.com/demo/consult-vita-preview/consult-vita/img/home1/insta-3.jpg]
[pluginspoint.com/demo/consult-vita-preview/consult-vita/img/home1/insta-4.jpg]
[pluginspoint.com/demo/consult-vita-preview/consult-vita/img/home1/insta-5.jpg]
[pluginspoint.com/demo/consult-vita-preview/consult-vita/img/home1/insta-6.jpg]
[pluginspoint.com/demo/consult-vita-preview/consult-vita/img/home1/insta-7.jpg]
[pluginspoint.com/demo/consult-vita-preview/consult-vita/img/home1/insta-8.jpg]
[pluginspoint.com/demo/consult-vita-preview/consult-vita/img/home1/insta-9.jpg]
[pluginspoint.com/demo/consult-vita-preview/consult-vita/img/home1/recent-1.jpg]
[pluginspoint.com/demo/consult-vita-preview/consult-vita/img/home1/recent-2.jpg]
[pluginspoint.com/demo/consult-vita-preview/consult-vita/img/home1/recent-3.jpg]
[pluginspoint.com/demo/consult-vita-preview/consult-vita/js/jquery-3.2.0.min.js]
[pluginspoint.com/demo/consult-vita-preview/consult-vita/js/owl.carousel.min.js]
[pluginspoint.com/demo/consult-vita-preview/consult-vita/js/jquery.pogo-slider.min.js]
[pluginspoint.com/demo/consult-vita-preview/consult-vita/js/jquery.counterup.min.js]
[pluginspoint.com/demo/consult-vita-preview/consult-vita/js/parallax.js]
[pluginspoint.com/demo/consult-vita-preview/consult-vita/js/jquery-ui.js]
[pluginspoint.com/demo/consult-vita-preview/consult-vita/js/countdown.js]
[pluginspoint.com/demo/consult-vita-preview/consult-vita/js/jquery.fancybox.min.js]
[pluginspoint.com/demo/consult-vita-preview/consult-vita/js/imagesLoaded-PACKAGED.js]
[pluginspoint.com/demo/consult-vita-preview/consult-vita/js/isotope-packaged.js]
[pluginspoint.com/demo/consult-vita-preview/consult-vita/js/jquery.meanmenu.js]
[pluginspoint.com/demo/consult-vita-preview/consult-vita/js/jquery.scrollUp.js]
[pluginspoint.com/demo/consult-vita-preview/consult-vita/js/jquery.magnific-popup.min.js]
[pluginspoint.com/demo/consult-vita-preview/consult-vita/js/jquery.mixitup.min.js]
[pluginspoint.com/demo/consult-vita-preview/consult-vita/js/jquery.waypoints.min.js]
[pluginspoint.com/demo/consult-vita-preview/consult-vita/js/popper.min.js]
[pluginspoint.com/demo/consult-vita-preview/consult-vita/js/bootstrap.min.js]
[pluginspoint.com/demo/consult-vita-preview/consult-vita/js/theme.js]
[pluginspoint.com/demo/consult-vita-preview/consult-vita/index.html]
[pluginspoint.com/demo/consult-vita-preview/consult-vita/css/bootstrap.min.css]
[pluginspoint.com/demo/consult-vita-preview/consult-vita/css/images/ui-icons_444444_256x240.png]
[pluginspoint.com/demo/consult-vita-preview/consult-vita/css/images/ui-icons_555555_256x240.png]
[pluginspoint.com/demo/consult-vita-preview/consult-vita/css/images/ui-icons_ffffff_256x240.png]
[pluginspoint.com/demo/consult-vita-preview/consult-vita/css/images/ui-icons_777620_256x240.png]
[pluginspoint.com/demo/consult-vita-preview/consult-vita/css/images/ui-icons_cc0000_256x240.png]
[pluginspoint.com/demo/consult-vita-preview/consult-vita/css/images/ui-icons_777777_256x240.png]
[pluginspoint.com/demo/consult-vita-preview/consult-vita/css/jquery-ui.css]
[pluginspoint.com/demo/consult-vita-preview/consult-vita/fonts/fa-brands-400.eot]
[pluginspoint.com/demo/consult-vita-preview/consult-vita/fonts/fa-brands-400d41d.eot]
[pluginspoint.com/demo/consult-vita-preview/consult-vita/fonts/fa-brands-400.woff2]
[pluginspoint.com/demo/consult-vita-preview/consult-vita/fonts/fa-brands-400.woff]
[pluginspoint.com/demo/consult-vita-preview/consult-vita/fonts/fa-brands-400.ttf]
[pluginspoint.com/demo/consult-vita-preview/consult-vita/fonts/fa-regular-400.eot]
[pluginspoint.com/demo/consult-vita-preview/consult-vita/fonts/fa-regular-400d41d.eot]
[pluginspoint.com/demo/consult-vita-preview/consult-vita/fonts/fa-regular-400.woff2]
[pluginspoint.com/demo/consult-vita-preview/consult-vita/fonts/fa-regular-400.woff]
[pluginspoint.com/demo/consult-vita-preview/consult-vita/fonts/fa-brands-400.svg]
[pluginspoint.com/demo/consult-vita-preview/consult-vita/fonts/fa-regular-400.ttf]
[pluginspoint.com/demo/consult-vita-preview/consult-vita/fonts/fa-regular-400.svg]
[pluginspoint.com/demo/consult-vita-preview/consult-vita/fonts/fa-solid-900.eot]
[pluginspoint.com/demo/consult-vita-preview/consult-vita/fonts/fa-solid-900d41d.eot]
[pluginspoint.com/demo/consult-vita-preview/consult-vita/fonts/fa-solid-900.woff2]
[pluginspoint.com/demo/consult-vita-preview/consult-vita/fonts/fa-solid-900.woff]
[pluginspoint.com/demo/consult-vita-preview/consult-vita/fonts/fa-solid-900.ttf]
[pluginspoint.com/demo/consult-vita-preview/consult-vita/css/fontawesome-all.min.css]
[pluginspoint.com/demo/consult-vita-preview/consult-vita/fonts/Flaticon.eot]
[pluginspoint.com/demo/consult-vita-preview/consult-vita/fonts/Flaticond41d.eot]
[pluginspoint.com/demo/consult-vita-preview/consult-vita/fonts/Flaticon.woff]
[pluginspoint.com/demo/consult-vita-preview/consult-vita/fonts/fa-solid-900.svg]
[pluginspoint.com/demo/consult-vita-preview/consult-vita/fonts/Flaticon.ttf]
[pluginspoint.com/demo/consult-vita-preview/consult-vita/css/flaticon.css]
[pluginspoint.com/demo/consult-vita-preview/consult-vita/fonts/Flaticon.svg]
[pluginspoint.com/demo/consult-vita-preview/consult-vita/css/owl.video.play.9a.delayed]
[pluginspoint.com/demo/consult-vita-preview/consult-vita/css/owl.carousel.min.css]
[pluginspoint.com/demo/consult-vita-preview/consult-vita/css/pogo-slider.min.css]
[pluginspoint.com/demo/consult-vita-preview/consult-vita/css/jquery.fancybox.min.css]
[pluginspoint.com/demo/consult-vita-preview/consult-vita/css/magnific-popup.css]
[pluginspoint.com/demo/consult-vita-preview/consult-vita/css/animate.css]
[pluginspoint.com/demo/consult-vita-preview/consult-vita/css/meanmenu.css]
[pluginspoint.com/demo/consult-vita-preview/consult-vita/img/loader.gif]
[pluginspoint.com/demo/consult-vita-preview/consult-vita/img/home1/welcome-banner.png]
[pluginspoint.com/demo/consult-vita-preview/consult-vita/img/home1/how-work-bg.jpg]
[pluginspoint.com/demo/consult-vita-preview/consult-vita/img/home1/how-we-banner.jpg]
[pluginspoint.com/demo/consult-vita-preview/consult-vita/img/home1/counter-bg.jpg]
[pluginspoint.com/demo/consult-vita-preview/consult-vita/img/home1/testimonial-bg.jpg]
[pluginspoint.com/demo/consult-vita-preview/consult-vita/img/home2/arrow-1.png]
[pluginspoint.com/demo/consult-vita-preview/consult-vita/img/home2/arrow-2.png]
[pluginspoint.com/demo/consult-vita-preview/consult-vita/img/home2/counter-bg.jpg]
[pluginspoint.com/demo/consult-vita-preview/consult-vita/img/home2/consultant-bg.jpg]
[pluginspoint.com/demo/consult-vita-preview/consult-vita/img/home3/footer-bg.jpg]
[pluginspoint.com/demo/consult-vita-preview/consult-vita/img/about/breadcumb-bg.jpg]
[pluginspoint.com/demo/consult-vita-preview/consult-vita/img/about/video-bg.jpg]
[pluginspoint.com/demo/consult-vita-preview/consult-vita/css/style.css]
[pluginspoint.com/demo/consult-vita-preview/consult-vita/css/responsive.css]
[pluginspoint.com/demo/consult-vita-preview/consult-vita/index-2.html]
[pluginspoint.com/demo/consult-vita-preview/consult-vita/img/home5/slider-1.jpg]
[pluginspoint.com/demo/consult-vita-preview/consult-vita/img/home2/slider-3.jpg]
[pluginspoint.com/demo/consult-vita-preview/consult-vita/img/home2/slider-2.jpg]
[pluginspoint.com/demo/consult-vita-preview/consult-vita/img/home2/slider-1.jpg]
[pluginspoint.com/demo/consult-vita-preview/consult-vita/img/home2/case-1.jpg]
[pluginspoint.com/demo/consult-vita-preview/consult-vita/img/home2/case-2.jpg]
[pluginspoint.com/demo/consult-vita-preview/consult-vita/02_index-2.html]
[pluginspoint.com/demo/consult-vita-preview/consult-vita/img/home2/case-3.jpg]
[pluginspoint.com/demo/consult-vita-preview/consult-vita/img/home3/logo.png]
[pluginspoint.com/demo/consult-vita-preview/consult-vita/img/home3/slider-3.jpg]
[pluginspoint.com/demo/consult-vita-preview/consult-vita/img/home3/slider-2.jpg]
[pluginspoint.com/demo/consult-vita-preview/consult-vita/img/home3/slider-1.jpg]
[pluginspoint.com/demo/consult-vita-preview/consult-vita/img/home3/top-consultant-1.jpg]
[pluginspoint.com/demo/consult-vita-preview/consult-vita/img/home3/top-consultant-2.jpg]
[pluginspoint.com/demo/consult-vita-preview/consult-vita/img/home3/top-consultant-4.jpg]
[pluginspoint.com/demo/consult-vita-preview/consult-vita/img/home3/top-consultant-5.jpg]
[pluginspoint.com/demo/consult-vita-preview/consult-vita/03_index-3.html]
[pluginspoint.com/demo/consult-vita-preview/consult-vita/img/home3/top-consultant-6.jpg]
[pluginspoint.com/demo/consult-vita-preview/consult-vita/img/home4/slider-1.jpg]
[pluginspoint.com/demo/consult-vita-preview/consult-vita/img/home4/slider-2.jpg]
[pluginspoint.com/demo/consult-vita-preview/consult-vita/23_index-4.html]
[pluginspoint.com/demo/consult-vita-preview/consult-vita/img/home4/slider-3.jpg]
[pluginspoint.com/demo/consult-vita-preview/consult-vita/js/animated.headline.min.js]
[pluginspoint.com/demo/consult-vita-preview/consult-vita/24_index-5.html]
[pluginspoint.com/demo/consult-vita-preview/consult-vita/video/people.mp4]
[pluginspoint.com/demo/consult-vita-preview/consult-vita/25_index-6.html]
[pluginspoint.com/demo/consult-vita-preview/consult-vita/04_about.html]
[pluginspoint.com/demo/consult-vita-preview/consult-vita/img/about/tab-banner.jpg]
[pluginspoint.com/demo/consult-vita-preview/consult-vita/05_service.html]
[pluginspoint.com/demo/consult-vita-preview/consult-vita/img/home1/service-6.jpg]
[pluginspoint.com/demo/consult-vita-preview/consult-vita/img/service/details-banner.jpg]
[pluginspoint.com/demo/consult-vita-preview/consult-vita/img/service/case-1.jpg]
[pluginspoint.com/demo/consult-vita-preview/consult-vita/img/service/case-2.jpg]
[pluginspoint.com/demo/consult-vita-preview/consult-vita/img/service/case-3.jpg]
[pluginspoint.com/demo/consult-vita-preview/consult-vita/img/service/f-case-1.jpg]
[pluginspoint.com/demo/consult-vita-preview/consult-vita/img/service/f-case-2.jpg]
[pluginspoint.com/demo/consult-vita-preview/consult-vita/img/service/f-case-3.jpg]
[pluginspoint.com/demo/consult-vita-preview/consult-vita/06_service-details.html]
[pluginspoint.com/demo/consult-vita-preview/consult-vita/img/case-study/case-1.jpg]
[pluginspoint.com/demo/consult-vita-preview/consult-vita/img/case-study/case-2.jpg]
[pluginspoint.com/demo/consult-vita-preview/consult-vita/img/case-study/case-3.jpg]
[pluginspoint.com/demo/consult-vita-preview/consult-vita/img/case-study/case-4.jpg]
[pluginspoint.com/demo/consult-vita-preview/consult-vita/img/case-study/case-5.jpg]
[pluginspoint.com/demo/consult-vita-preview/consult-vita/img/case-study/case-6.jpg]
[pluginspoint.com/demo/consult-vita-preview/consult-vita/img/case-study/case-7.jpg]
[pluginspoint.com/demo/consult-vita-preview/consult-vita/img/case-study/case-8.jpg]
[pluginspoint.com/demo/consult-vita-preview/consult-vita/07_case-study.html]
[pluginspoint.com/demo/consult-vita-preview/consult-vita/img/case-study/case-9.jpg]
[pluginspoint.com/demo/consult-vita-preview/consult-vita/img/case-study/details-banner.jpg]
[pluginspoint.com/demo/consult-vita-preview/consult-vita/08_case-details.html]
[pluginspoint.com/demo/consult-vita-preview/consult-vita/26_shortcode-grid.html]
[pluginspoint.com/demo/consult-vita-preview/consult-vita/27_shortcode-typography.html]
[pluginspoint.com/demo/consult-vita-preview/consult-vita/28_shortcode-list.html]
[pluginspoint.com/demo/consult-vita-preview/consult-vita/29_shortcode-forms.html]
[pluginspoint.com/demo/consult-vita-preview/consult-vita/30_shortcode-buttons.html]
[pluginspoint.com/demo/consult-vita-preview/consult-vita/31_shortcode-dividers.html]
[pluginspoint.com/demo/consult-vita-preview/consult-vita/32_shortcode-alert.html]
[pluginspoint.com/demo/consult-vita-preview/consult-vita/33_shortcode-img-box.html]
[pluginspoint.com/demo/consult-vita-preview/consult-vita/34_shortcode-service.html]
[pluginspoint.com/demo/consult-vita-preview/consult-vita/35_shortcode-process-step.html]
[pluginspoint.com/demo/consult-vita-preview/consult-vita/36_shortcode-pricing.html]
[pluginspoint.com/demo/consult-vita-preview/consult-vita/37_shortcode-team.html]
[pluginspoint.com/demo/consult-vita-preview/consult-vita/38_shortcode-testimonial.html]
[pluginspoint.com/demo/consult-vita-preview/consult-vita/39_shortcode-accordion-tabs.html]
[pluginspoint.com/demo/consult-vita-preview/consult-vita/40_shortcode-maps.html]
[pluginspoint.com/demo/consult-vita-preview/consult-vita/41_shortcode-client.html]
[pluginspoint.com/demo/consult-vita-preview/consult-vita/img/case-study/video-banner.jpg]
[pluginspoint.com/demo/consult-vita-preview/consult-vita/img/gallery/grid-1.jpg]
[pluginspoint.com/demo/consult-vita-preview/consult-vita/img/gallery/grid-2.jpg]
[pluginspoint.com/demo/consult-vita-preview/consult-vita/img/gallery/grid-3.jpg]
[pluginspoint.com/demo/consult-vita-preview/consult-vita/img/gallery/grid-4.jpg]
[pluginspoint.com/demo/consult-vita-preview/consult-vita/img/gallery/grid-5.jpg]
[pluginspoint.com/demo/consult-vita-preview/consult-vita/img/gallery/grid-6.jpg]
[pluginspoint.com/demo/consult-vita-preview/consult-vita/img/gallery/masonary-n-1.jpg]
[pluginspoint.com/demo/consult-vita-preview/consult-vita/img/gallery/masonary-l-1.jpg]
[pluginspoint.com/demo/consult-vita-preview/consult-vita/img/gallery/masonary-n-4.jpg]
[pluginspoint.com/demo/consult-vita-preview/consult-vita/img/gallery/masonary-n-2.jpg]
[pluginspoint.com/demo/consult-vita-preview/consult-vita/img/gallery/masonary-n-5.jpg]
[pluginspoint.com/demo/consult-vita-preview/consult-vita/img/gallery/masonary-l-2.jpg]
[pluginspoint.com/demo/consult-vita-preview/consult-vita/img/gallery/masonary-n-3.jpg]
[pluginspoint.com/demo/consult-vita-preview/consult-vita/img/gallery/masonary-n-6.jpg]
[pluginspoint.com/demo/consult-vita-preview/consult-vita/img/gallery/masonary-l-3.jpg]
[pluginspoint.com/demo/consult-vita-preview/consult-vita/img/gallery/cobbles-n-1.jpg]
[pluginspoint.com/demo/consult-vita-preview/consult-vita/img/gallery/cobbles-w-1.jpg]
[pluginspoint.com/demo/consult-vita-preview/consult-vita/img/gallery/cobbles-l-1.jpg]
[pluginspoint.com/demo/consult-vita-preview/consult-vita/img/gallery/cobbles-n-2.jpg]
[pluginspoint.com/demo/consult-vita-preview/consult-vita/img/gallery/cobbles-n-3.jpg]
[pluginspoint.com/demo/consult-vita-preview/consult-vita/img/gallery/cobbles-n-4.jpg]
[pluginspoint.com/demo/consult-vita-preview/consult-vita/img/gallery/cobbles-n-5.jpg]
[pluginspoint.com/demo/consult-vita-preview/consult-vita/img/gallery/cobbles-n-6.jpg]
[pluginspoint.com/demo/consult-vita-preview/consult-vita/img/gallery/cobbles-w-2.jpg]
[pluginspoint.com/demo/consult-vita-preview/consult-vita/42_shortcode-galleries.html]
[pluginspoint.com/demo/consult-vita-preview/consult-vita/43_shortcode-filter.html]
[pluginspoint.com/demo/consult-vita-preview/consult-vita/44_shortcode-counter.html]
[pluginspoint.com/demo/consult-vita-preview/consult-vita/45_shortcode-progressbar.html]
[pluginspoint.com/demo/consult-vita-preview/consult-vita/idnex.html]
[pluginspoint.com/demo/consult-vita-preview/consult-vita/09_gallery-grid.html]
[pluginspoint.com/demo/consult-vita-preview/consult-vita/10_gallery-masonary.html]
[pluginspoint.com/demo/consult-vita-preview/consult-vita/11_gallery-cobbles.html]
[pluginspoint.com/demo/consult-vita-preview/consult-vita/img/portfolio/grid-tc-1.jpg]
[pluginspoint.com/demo/consult-vita-preview/consult-vita/img/portfolio/grid-tc-2.jpg]
[pluginspoint.com/demo/consult-vita-preview/consult-vita/img/portfolio/grid-tc-3.jpg]
[pluginspoint.com/demo/consult-vita-preview/consult-vita/img/portfolio/grid-tc-4.jpg]
[pluginspoint.com/demo/consult-vita-preview/consult-vita/img/portfolio/grid-tc-5.jpg]
[pluginspoint.com/demo/consult-vita-preview/consult-vita/img/portfolio/grid-tc-6.jpg]
[pluginspoint.com/demo/consult-vita-preview/consult-vita/img/portfolio/grid-tc-7.jpg]
[pluginspoint.com/demo/consult-vita-preview/consult-vita/img/portfolio/grid-tc-8.jpg]
[pluginspoint.com/demo/consult-vita-preview/consult-vita/img/portfolio/grid-tc-9.jpg]
[pluginspoint.com/demo/consult-vita-preview/consult-vita/12_portfolio-2-column.html]
[pluginspoint.com/demo/consult-vita-preview/consult-vita/img/portfolio/grid-tc-10.jpg]
[pluginspoint.com/demo/consult-vita-preview/consult-vita/img/portfolio/grid-3c-1.jpg]
[pluginspoint.com/demo/consult-vita-preview/consult-vita/img/portfolio/grid-3c-2.jpg]
[pluginspoint.com/demo/consult-vita-preview/consult-vita/img/portfolio/grid-3c-3.jpg]
[pluginspoint.com/demo/consult-vita-preview/consult-vita/img/portfolio/grid-3c-4.jpg]
[pluginspoint.com/demo/consult-vita-preview/consult-vita/img/portfolio/grid-3c-5.jpg]
[pluginspoint.com/demo/consult-vita-preview/consult-vita/img/portfolio/grid-3c-6.jpg]
[pluginspoint.com/demo/consult-vita-preview/consult-vita/img/portfolio/grid-3c-7.jpg]
[pluginspoint.com/demo/consult-vita-preview/consult-vita/img/portfolio/grid-3c-8.jpg]
[pluginspoint.com/demo/consult-vita-preview/consult-vita/img/portfolio/grid-3c-9.jpg]
[pluginspoint.com/demo/consult-vita-preview/consult-vita/img/portfolio/grid-3c-10.jpg]
[pluginspoint.com/demo/consult-vita-preview/consult-vita/img/portfolio/grid-3c-11.jpg]
[pluginspoint.com/demo/consult-vita-preview/consult-vita/13_portfolio-3-column.html]
[pluginspoint.com/demo/consult-vita-preview/consult-vita/img/portfolio/grid-3c-12.jpg]
[pluginspoint.com/demo/consult-vita-preview/consult-vita/14_portfolio-4-column.html]
[pluginspoint.com/demo/consult-vita-preview/consult-vita/img/portfolio/portfolio-details-banner.jpg]
[pluginspoint.com/demo/consult-vita-preview/consult-vita/img/portfolio/related-portfolio-1.jpg]
[pluginspoint.com/demo/consult-vita-preview/consult-vita/img/portfolio/related-portfolio-2.jpg]
[pluginspoint.com/demo/consult-vita-preview/consult-vita/img/portfolio/related-portfolio-3.jpg]
[pluginspoint.com/demo/consult-vita-preview/consult-vita/15_portfolio-details.html]
[pluginspoint.com/demo/consult-vita-preview/consult-vita/img/blog/sidebar-calendar.png]
[pluginspoint.com/demo/consult-vita-preview/consult-vita/img/blog/p-one-col-1.jpg]
[pluginspoint.com/demo/consult-vita-preview/consult-vita/img/blog/p-one-col-2.jpg]
[pluginspoint.com/demo/consult-vita-preview/consult-vita/16_blog-page.html]
[pluginspoint.com/demo/consult-vita-preview/consult-vita/img/blog/p-one-col-3.jpg]
[pluginspoint.com/demo/consult-vita-preview/consult-vita/img/blog/p-two-col-1.jpg]
[pluginspoint.com/demo/consult-vita-preview/consult-vita/img/blog/p-two-col-2.jpg]
[pluginspoint.com/demo/consult-vita-preview/consult-vita/img/blog/p-two-col-3.jpg]
[pluginspoint.com/demo/consult-vita-preview/consult-vita/img/blog/p-two-col-4.jpg]
[pluginspoint.com/demo/consult-vita-preview/consult-vita/img/blog/p-two-col-5.jpg]
[pluginspoint.com/demo/consult-vita-preview/consult-vita/img/blog/p-two-col-6.jpg]
[pluginspoint.com/demo/consult-vita-preview/consult-vita/img/blog/p-two-col-7.jpg]
[pluginspoint.com/demo/consult-vita-preview/consult-vita/img/blog/p-two-col-8.jpg]
[pluginspoint.com/demo/consult-vita-preview/consult-vita/17_blog-page-2-column.html]
[pluginspoint.com/demo/consult-vita-preview/consult-vita/img/blog/p-two-col-9.jpg]
[pluginspoint.com/demo/consult-vita-preview/consult-vita/img/blog/p-two-col-10.jpg]
[pluginspoint.com/demo/consult-vita-preview/consult-vita/img/blog/p-two-col-11.jpg]
[pluginspoint.com/demo/consult-vita-preview/consult-vita/18_blog-page-3-column.html]
[pluginspoint.com/demo/consult-vita-preview/consult-vita/img/blog/p-two-col-12.jpg]
[pluginspoint.com/demo/consult-vita-preview/consult-vita/img/blog/p-chess-two-col-1.jpg]
[pluginspoint.com/demo/consult-vita-preview/consult-vita/img/blog/p-chess-two-col-4.jpg]
[pluginspoint.com/demo/consult-vita-preview/consult-vita/img/blog/p-chess-two-col-2.jpg]
[pluginspoint.com/demo/consult-vita-preview/consult-vita/img/blog/p-chess-two-col-5.jpg]
[pluginspoint.com/demo/consult-vita-preview/consult-vita/img/blog/p-chess-two-col-3.jpg]
[pluginspoint.com/demo/consult-vita-preview/consult-vita/19_blog-chess-page-2-column.html]
[pluginspoint.com/demo/consult-vita-preview/consult-vita/img/blog/p-chess-two-col-6.jpg]
[pluginspoint.com/demo/consult-vita-preview/consult-vita/img/blog/p-chess-four-col-1.jpg]
[pluginspoint.com/demo/consult-vita-preview/consult-vita/img/blog/p-chess-four-col-4.jpg]
[pluginspoint.com/demo/consult-vita-preview/consult-vita/img/blog/p-chess-four-col-6.jpg]
[pluginspoint.com/demo/consult-vita-preview/consult-vita/img/blog/p-chess-four-col-9.jpg]
[pluginspoint.com/demo/consult-vita-preview/consult-vita/img/blog/p-chess-four-col-2.jpg]
[pluginspoint.com/demo/consult-vita-preview/consult-vita/img/blog/p-chess-four-col-5.jpg]
[pluginspoint.com/demo/consult-vita-preview/consult-vita/img/blog/p-chess-four-col-7.jpg]
[pluginspoint.com/demo/consult-vita-preview/consult-vita/img/blog/p-chess-four-col-10.jpg]
[pluginspoint.com/demo/consult-vita-preview/consult-vita/img/blog/p-chess-four-col-3.jpg]
[pluginspoint.com/demo/consult-vita-preview/consult-vita/img/blog/p-chess-four-col-8.jpg]
[pluginspoint.com/demo/consult-vita-preview/consult-vita/20_blog-chess-page-4-column.html]
[pluginspoint.com/demo/consult-vita-preview/consult-vita/img/blog/details-banner.jpg]
[pluginspoint.com/demo/consult-vita-preview/consult-vita/img/blog/details-comment-author-1.jpg]
[pluginspoint.com/demo/consult-vita-preview/consult-vita/img/blog/details-comment-author-2.jpg]
[pluginspoint.com/demo/consult-vita-preview/consult-vita/img/blog/details-comment-author-3.jpg]
[pluginspoint.com/demo/consult-vita-preview/consult-vita/21_blog-details.html]
[pluginspoint.com/demo/consult-vita-preview/consult-vita/22_contact.html]
[pluginspoint.com/demo/consult-vita-preview/consult-vita/css/images/ui-icons_444444_256x240.html]
[pluginspoint.com/demo/consult-vita-preview/consult-vita/css/images/ui-icons_555555_256x240.html]
[pluginspoint.com/demo/consult-vita-preview/consult-vita/css/images/ui-icons_ffffff_256x240.html]
[pluginspoint.com/demo/consult-vita-preview/consult-vita/css/images/ui-icons_777620_256x240.html]
[pluginspoint.com/demo/consult-vita-preview/consult-vita/css/images/ui-icons_cc0000_256x240.html]
[pluginspoint.com/demo/consult-vita-preview/consult-vita/css/images/ui-icons_777777_256x240.html]
[pluginspoint.com/demo/consult-vita-preview/consult-vita/fonts/fa-brands-400.svg]
[pluginspoint.com/demo/consult-vita-preview/consult-vita/fonts/fa-regular-400.svg]
[pluginspoint.com/demo/consult-vita-preview/consult-vita/fonts/fa-solid-900.svg]
[pluginspoint.com/demo/consult-vita-preview/consult-vita/fonts/Flaticon.svg]
[pluginspoint.com/demo/consult-vita-preview/consult-vita/css/owl.video.play.html]
[pluginspoint.com/demo/consult-vita-preview/consult-vita/idnex.html]
